┏━━━━━━━━━━━━━━━━━━━━━━┳━━━━━━━━━━┳━━━━━━━━━━┳━━━━━━━━━━┳━━━━━━━━━━┳━━━━━━━━━━━┳━━━━━━━━━━┳━━━━━━━━━━━┳━━━━━━━━━━┳━━━━━━━━━━━┳━━━━━━━━━━┳━━━━━━━━━━━┳━━━━━━━━━━┓
┃                      ┃ Hold     ┃ Reg to   ┃          ┃          ┃ of which  ┃ Setup    ┃           ┃          ┃           ┃ of which ┃           ┃          ┃
┃                      ┃ Worst    ┃ Reg      ┃          ┃ Hold Vio ┃ reg to    ┃ Worst    ┃ Reg to    ┃ Setup    ┃ Setup Vio ┃ reg to   ┃ Max Cap   ┃ Max Slew ┃
┃ Corner/Group         ┃ Slack    ┃ Paths    ┃ Hold TNS ┃ Count    ┃ reg       ┃ Slack    ┃ Reg Paths ┃ TNS      ┃ Count     ┃ reg      ┃ Violatio… ┃ Violati… ┃
┡━━━━━━━━━━━━━━━━━━━━━━╇━━━━━━━━━━╇━━━━━━━━━━╇━━━━━━━━━━╇━━━━━━━━━━╇━━━━━━━━━━━╇━━━━━━━━━━╇━━━━━━━━━━━╇━━━━━━━━━━╇━━━━━━━━━━━╇━━━━━━━━━━╇━━━━━━━━━━━╇━━━━━━━━━━┩
│ Overall              │ 0.1665   │ 0.1665   │ 0.0000   │ 0        │ 0         │ -11.0132 │ -11.0132  │ -492.67… │ 161       │ 150      │ 5636      │ 78702    │
│ nom_tt_025C_1v80     │ 0.3209   │ 0.3209   │ 0.0000   │ 0        │ 0         │ 3.2980   │ 6.4781    │ 0.0000   │ 0         │ 0        │ 630       │ 8883     │
│ nom_ss_100C_1v60     │ 0.7807   │ 0.7807   │ 0.0000   │ 0        │ 0         │ -9.3208  │ -9.3208   │ -411.00… │ 54        │ 50       │ 4717      │ 64866    │
│ nom_ff_n40C_1v95     │ 0.1675   │ 0.1675   │ 0.0000   │ 0        │ 0         │ 6.8740   │ 12.8092   │ 0.0000   │ 0         │ 0        │ 7         │ 70       │
│ min_tt_025C_1v80     │ 0.3195   │ 0.3195   │ 0.0000   │ 0        │ 0         │ 4.0303   │ 7.3631    │ 0.0000   │ 0         │ 0        │ 191       │ 2694     │
│ min_ss_100C_1v60     │ 0.7780   │ 0.7780   │ 0.0000   │ 0        │ 0         │ -7.7638  │ -7.7638   │ -333.73… │ 53        │ 50       │ 3677      │ 50846    │
│ min_ff_n40C_1v95     │ 0.1665   │ 0.1665   │ 0.0000   │ 0        │ 0         │ 7.3731   │ 13.3982   │ 0.0000   │ 0         │ 0        │ 3         │ 16       │
│ max_tt_025C_1v80     │ 0.3227   │ 0.3227   │ 0.0000   │ 0        │ 0         │ 2.6308   │ 5.5240    │ 0.0000   │ 0         │ 0        │ 1092      │ 15938    │
│ max_ss_100C_1v60     │ 0.7841   │ 0.7841   │ 0.0000   │ 0        │ 0         │ -11.0132 │ -11.0132  │ -492.67… │ 54        │ 50       │ 5636      │ 78702    │
│ max_ff_n40C_1v95     │ 0.1688   │ 0.1688   │ 0.0000   │ 0        │ 0         │ 6.4353   │ 12.1647   │ 0.0000   │ 0         │ 0        │ 60        │ 830      │
└──────────────────────┴──────────┴──────────┴──────────┴──────────┴───────────┴──────────┴───────────┴──────────┴───────────┴──────────┴───────────┴──────────┘
